cargo :    Compiling 
ledger-guard v0.1.0 (C
:\Users\User\Desktop\R
ust-Financial-Ledger)
At line:1 char:1
+ cargo test 2>&1 | 
Out-File -FilePath 
test_output.txt 
-Encoding utf8;  ...
+ ~~~~~~~~~~~~~~~
    + CategoryInfo    
          : NotSpeci  
  fied: (   Compili   
 ng le...nancial-L    
edger):String) []    
, RemoteException
    + FullyQualifiedE 
   rrorId : NativeCo  
  mmandError
 
    Finished `test` 
profile [unoptimized 
+ debuginfo] 
target(s) in 1.18s
     Running 
unittests src\lib.rs (
target\debug\deps\ledg
er_guard-e77b6a42cc269
bbe.exe)

running 48 tests
test agent::mock::tests::test_incomplete_transfer ... ok
test agent::mock::tests::test_agent_name ... ok
test agent::mock::tests::test_large_amount ... ok
test agent::mock::tests::test_agent_trait_object ... ok
test agent::mock::tests::test_deposit_basic ... ok
test agent::mock::tests::test_one_dollar ... ok
test ledger::error::tests::test_error_display_messages ... ok
test agent::mock::tests::test_add_synonym ... ok
test ledger::ledger::tests::test_apply_exact_balance_transfer ... ok
test ledger::ledger::tests::test_apply_insufficient_funds_rejected ... ok
test ledger::ledger::tests::test_apply_all_or_nothing_on_second_entry_failure ... ok
test ledger::ledger::tests::test_accounts_returns_sorted_list ... ok
test ledger::ledger::tests::test_apply_three_way_transaction ... ok
test ledger::ledger::tests::test_apply_nonexistent_account_rejected ... ok
test ledger::ledger::tests::test_apply_valid_transfer ... ok
test ledger::ledger::tests::test_balance_nonexistent_account ... ok
test ledger::ledger::tests::test_create_account ... ok
test ledger::ledger::tests::test_duplicate_account_rejected ... ok
test ledger::ledger::tests::test_replay_produces_identical_balances ... ok
test ledger::ledger::tests::test_history_tracks_all_transactions ... ok
test ledger::types::tests::test_display_format ... ok
test ledger::types::tests::test_empty_entries_rejected ... ok
test ledger::types::tests::test_overflow_detected ... ok
test ledger::types::tests::test_single_entry_rejected ... ok
test ledger::types::tests::test_unbalanced_positive_sum_rejected ... ok
test ledger::types::tests::test_valid_multi_entry_transaction ... ok
test ledger::types::tests::test_unbalanced_negative_sum_rejected ... ok
test ledger::types::tests::test_valid_two_entry_transaction ... ok
test ledger::types::tests::test_zero_amount_rejected ... ok
test agent::mock::tests::test_take_synonym ... ok
test persistence::tests::test_load_nonexistent_file ... ok
test agent::mock::tests::test_transfer_case_insensitive ... ok
test agent::mock::tests::test_send_synonym ... ok
test agent::mock::tests::test_transfer_with_cents ... ok
test agent::mock::tests::test_move_synonym ... ok
test agent::mock::tests::test_empty_input ... ok
test persistence::tests::test_data_file_exists ... ok
test agent::mock::tests::test_pay_synonym ... ok
test agent::mock::tests::test_single_cent_decimal ... ok
test agent::mock::tests::test_transfer_basic ... ok
test persistence::tests::test_atomic_write_no_temp_file_left ... ok
test persistence::tests::test_load_invalid_json ... ok
test persistence::tests::test_load_tampered_unbalanced_transaction ... ok
test persistence::tests::test_save_and_load_with_transactions ... ok
test agent::mock::tests::test_whitespace_only_input ... ok
test agent::mock::tests::test_unrecognized_command ... ok
test persistence::tests::test_save_and_load_empty_ledger ... ok
test agent::mock::tests::test_withdraw_basic ... ok

test result: ok. 48 passed; 0 failed; 0 ignored; 0 measured; 0 filtered out; finished in 0.05s

     Running 
unittests src\main.rs 
(target\debug\deps\led
ger_guard-badcfeb0bd2e
0c34.exe)

running 0 tests

test result: ok. 0 passed; 0 failed; 0 ignored; 0 measured; 0 filtered out; finished in 0.00s

   Doc-tests 
ledger_guard

running 7 tests
test src\persistence\mod.rs - persistence::load (line 252) - compile ... ok
test src\ledger\ledger.rs - ledger::ledger::Ledger::apply (line 169) - compile ... ok
test src\persistence\mod.rs - persistence::save (line 142) - compile ... ok
test src\ledger\types.rs - ledger::types::Entry (line 55) ... ok
test src\ledger\ledger.rs - ledger::ledger::Ledger::new (line 86) ... ok
test src\ledger\ledger.rs - ledger::ledger::Ledger::create_account (line 111) ... ok
test src\ledger\types.rs - ledger::types::Transaction::new (line 168) ... ok

test result: ok. 7 passed; 0 failed; 0 ignored; 0 measured; 0 filtered out; finished in 0.42s

