warning: unused import: `AccountId`
 --> src\ledger\ledger.rs:4:20
  |
4 | use super::types::{AccountId, Entry, Transaction};
  |                    ^^^^^^^^^
  |
  = note: `#[warn(unused_imports)]` (part of `#[warn(unused)]`) on by default

warning: field `accounts` is never read
   --> src\agent\chaos.rs:169:5
    |
163 | pub struct ChaosAgent {
    |            ---------- field in this struct
...
169 |     accounts: Vec<String>,
    |     ^^^^^^^^
    |
    = note: `#[warn(dead_code)]` (part of `#[warn(unused)]`) on by default

warning: `ledger-guard` (lib) generated 2 warnings (run `cargo fix --lib -p ledger-guard` to apply 1 suggestion)
   Compiling ledger-guard v0.1.0 (C:\Users\User\Desktop\rust-financial-ledger)
warning: `ledger-guard` (lib test) generated 1 warning (1 duplicate)
    Finished `test` profile [unoptimized + debuginfo] target(s) in 6.35s
     Running unittests src\lib.rs (target\debug\deps\ledger_guard-1dbec2d9482bbbc4.exe)

running 13 tests
test agent::chaos::tests::test_overflow ... ok
test agent::chaos::tests::test_typo ... ok
test agent::chaos::tests::test_overdraft ... ok
test agent::llm::tests::parse_proposal_empty_entries_fails ... ok
test agent::mock::tests::test_unrecognized ... ok
test agent::mock::tests::test_valid_deposit ... ok
test agent::mock::tests::test_amount_parsing ... ok
test agent::llm::tests::parse_proposal_missing_fields_fails ... ok
test agent::mock::tests::test_valid_transfer ... ok
test agent::chaos::tests::test_unbalanced ... ok
test agent::llm::tests::parse_proposal_success ... ok
test agent::chaos::tests::test_valid ... ok
test agent::chaos::tests::test_chaos ... ok

test result: ok. 13 passed; 0 failed; 0 ignored; 0 measured; 47 filtered out; finished in 0.00s

     Running unittests src\main.rs (target\debug\deps\ledger_guard-f4c0e8ec77c2930e.exe)

running 0 tests

test result: ok. 0 passed; 0 failed; 0 ignored; 0 measured; 0 filtered out; finished in 0.00s

